   ▲ Next.js 15.2.9

   Creating an optimized production build ...
/*! 🌼 daisyUI 5.0.9 */
Failed to compile.

./styles/globals.css.webpack[javascript/auto]!=!./node_modules/next/dist/build/webpack/loaders/css-loader/src/index.js??ruleSet[1].rules[13].oneOf[10].use[2]!./node_modules/next/dist/build/webpack/loaders/postcss-loader/src/index.js??ruleSet[1].rules[13].oneOf[10].use[3]!./styles/globals.css
Error: Cannot apply unknown utility class: premium-gradient
    at onInvalidCandidate (/Users/0xjonaseb11/Documents/PROJECTS/defi-protocol/defi-protocol/packages/nextjs/node_modules/@tailwindcss/node/node_modules/tailwindcss/dist/lib.js:17:347)
    at ie (/Users/0xjonaseb11/Documents/PROJECTS/defi-protocol/defi-protocol/packages/nextjs/node_modules/@tailwindcss/node/node_modules/tailwindcss/dist/lib.js:12:116589)
    at Ve (/Users/0xjonaseb11/Documents/PROJECTS/defi-protocol/defi-protocol/packages/nextjs/node_modules/@tailwindcss/node/node_modules/tailwindcss/dist/lib.js:17:310)
    at qr (/Users/0xjonaseb11/Documents/PROJECTS/defi-protocol/defi-protocol/packages/nextjs/node_modules/@tailwindcss/node/node_modules/tailwindcss/dist/lib.js:33:780)
    at async Hr (/Users/0xjonaseb11/Documents/PROJECTS/defi-protocol/defi-protocol/packages/nextjs/node_modules/@tailwindcss/node/node_modules/tailwindcss/dist/lib.js:33:1071)
    at async ot (/Users/0xjonaseb11/Documents/PROJECTS/defi-protocol/defi-protocol/packages/nextjs/node_modules/@tailwindcss/node/dist/index.js:10:3272)
    at async p (/Users/0xjonaseb11/Documents/PROJECTS/defi-protocol/defi-protocol/packages/nextjs/node_modules/@tailwindcss/postcss/dist/index.js:8:3242)
    at async Object.Once (/Users/0xjonaseb11/Documents/PROJECTS/defi-protocol/defi-protocol/packages/nextjs/node_modules/@tailwindcss/postcss/dist/index.js:8:3443)
    at async LazyResult.runAsync (/Users/0xjonaseb11/Documents/PROJECTS/defi-protocol/defi-protocol/packages/nextjs/node_modules/next/node_modules/postcss/lib/lazy-result.js:261:11)
    at async Span.traceAsyncFn (/Users/0xjonaseb11/Documents/PROJECTS/defi-protocol/defi-protocol/packages/nextjs/node_modules/next/dist/trace/trace.js:157:20)
    at async /Users/0xjonaseb11/Documents/PROJECTS/defi-protocol/defi-protocol/packages/nextjs/node_modules/next/dist/build/webpack/loaders/postcss-loader/src/index.js:55:22
    at async Span.traceAsyncFn (/Users/0xjonaseb11/Documents/PROJECTS/defi-protocol/defi-protocol/packages/nextjs/node_modules/next/dist/trace/trace.js:157:20)

Import trace for requested module:
./styles/globals.css.webpack[javascript/auto]!=!./node_modules/next/dist/build/webpack/loaders/css-loader/src/index.js??ruleSet[1].rules[13].oneOf[10].use[2]!./node_modules/next/dist/build/webpack/loaders/postcss-loader/src/index.js??ruleSet[1].rules[13].oneOf[10].use[3]!./styles/globals.css
./styles/globals.css

./styles/globals.css
Error: Cannot apply unknown utility class: premium-gradient
    at onInvalidCandidate (/Users/0xjonaseb11/Documents/PROJECTS/defi-protocol/defi-protocol/packages/nextjs/node_modules/@tailwindcss/node/node_modules/tailwindcss/dist/lib.js:17:347)
    at ie (/Users/0xjonaseb11/Documents/PROJECTS/defi-protocol/defi-protocol/packages/nextjs/node_modules/@tailwindcss/node/node_modules/tailwindcss/dist/lib.js:12:116589)
    at Ve (/Users/0xjonaseb11/Documents/PROJECTS/defi-protocol/defi-protocol/packages/nextjs/node_modules/@tailwindcss/node/node_modules/tailwindcss/dist/lib.js:17:310)
    at qr (/Users/0xjonaseb11/Documents/PROJECTS/defi-protocol/defi-protocol/packages/nextjs/node_modules/@tailwindcss/node/node_modules/tailwindcss/dist/lib.js:33:780)
    at async Hr (/Users/0xjonaseb11/Documents/PROJECTS/defi-protocol/defi-protocol/packages/nextjs/node_modules/@tailwindcss/node/node_modules/tailwindcss/dist/lib.js:33:1071)
    at async ot (/Users/0xjonaseb11/Documents/PROJECTS/defi-protocol/defi-protocol/packages/nextjs/node_modules/@tailwindcss/node/dist/index.js:10:3272)
    at async p (/Users/0xjonaseb11/Documents/PROJECTS/defi-protocol/defi-protocol/packages/nextjs/node_modules/@tailwindcss/postcss/dist/index.js:8:3242)
    at async Object.Once (/Users/0xjonaseb11/Documents/PROJECTS/defi-protocol/defi-protocol/packages/nextjs/node_modules/@tailwindcss/postcss/dist/index.js:8:3443)
    at async LazyResult.runAsync (/Users/0xjonaseb11/Documents/PROJECTS/defi-protocol/defi-protocol/packages/nextjs/node_modules/next/node_modules/postcss/lib/lazy-result.js:261:11)
    at async Span.traceAsyncFn (/Users/0xjonaseb11/Documents/PROJECTS/defi-protocol/defi-protocol/packages/nextjs/node_modules/next/dist/trace/trace.js:157:20)
    at async /Users/0xjonaseb11/Documents/PROJECTS/defi-protocol/defi-protocol/packages/nextjs/node_modules/next/dist/build/webpack/loaders/postcss-loader/src/index.js:55:22
    at async Span.traceAsyncFn (/Users/0xjonaseb11/Documents/PROJECTS/defi-protocol/defi-protocol/packages/nextjs/node_modules/next/dist/trace/trace.js:157:20)
    at tryRunOrWebpackError (/Users/0xjonaseb11/Documents/PROJECTS/defi-protocol/defi-protocol/packages/nextjs/node_modules/next/dist/compiled/webpack/bundle5.js:29:316142)
    at __webpack_require_module__ (/Users/0xjonaseb11/Documents/PROJECTS/defi-protocol/defi-protocol/packages/nextjs/node_modules/next/dist/compiled/webpack/bundle5.js:29:131548)
    at __nested_webpack_require_161494__ (/Users/0xjonaseb11/Documents/PROJECTS/defi-protocol/defi-protocol/packages/nextjs/node_modules/next/dist/compiled/webpack/bundle5.js:29:130983)
    at /Users/0xjonaseb11/Documents/PROJECTS/defi-protocol/defi-protocol/packages/nextjs/node_modules/next/dist/compiled/webpack/bundle5.js:29:131840
    at symbolIterator (/Users/0xjonaseb11/Documents/PROJECTS/defi-protocol/defi-protocol/packages/nextjs/node_modules/next/dist/compiled/neo-async/async.js:1:14444)
    at done (/Users/0xjonaseb11/Documents/PROJECTS/defi-protocol/defi-protocol/packages/nextjs/node_modules/next/dist/compiled/neo-async/async.js:1:14824)
    at Hook.eval [as callAsync] (eval at create (/Users/0xjonaseb11/Documents/PROJECTS/defi-protocol/defi-protocol/packages/nextjs/node_modules/next/dist/compiled/webpack/bundle5.js:14:9224), <anonymous>:15:1)
    at Hook.CALL_ASYNC_DELEGATE [as _callAsync] (/Users/0xjonaseb11/Documents/PROJECTS/defi-protocol/defi-protocol/packages/nextjs/node_modules/next/dist/compiled/webpack/bundle5.js:14:6378)
    at /Users/0xjonaseb11/Documents/PROJECTS/defi-protocol/defi-protocol/packages/nextjs/node_modules/next/dist/compiled/webpack/bundle5.js:29:130703
    at symbolIterator (/Users/0xjonaseb11/Documents/PROJECTS/defi-protocol/defi-protocol/packages/nextjs/node_modules/next/dist/compiled/neo-async/async.js:1:14402)
    at timesSync (/Users/0xjonaseb11/Documents/PROJECTS/defi-protocol/defi-protocol/packages/nextjs/node_modules/next/dist/compiled/neo-async/async.js:1:5027)
    at Object.eachLimit (/Users/0xjonaseb11/Documents/PROJECTS/defi-protocol/defi-protocol/packages/nextjs/node_modules/next/dist/compiled/neo-async/async.js:1:14208)
    at /Users/0xjonaseb11/Documents/PROJECTS/defi-protocol/defi-protocol/packages/nextjs/node_modules/next/dist/compiled/webpack/bundle5.js:29:130263
    at symbolIterator (/Users/0xjonaseb11/Documents/PROJECTS/defi-protocol/defi-protocol/packages/nextjs/node_modules/next/dist/compiled/neo-async/async.js:1:14444)
    at timesSync (/Users/0xjonaseb11/Documents/PROJECTS/defi-protocol/defi-protocol/packages/nextjs/node_modules/next/dist/compiled/neo-async/async.js:1:5027)
    at Object.eachLimit (/Users/0xjonaseb11/Documents/PROJECTS/defi-protocol/defi-protocol/packages/nextjs/node_modules/next/dist/compiled/neo-async/async.js:1:14208)
    at /Users/0xjonaseb11/Documents/PROJECTS/defi-protocol/defi-protocol/packages/nextjs/node_modules/next/dist/compiled/webpack/bundle5.js:29:130001
    at symbolIterator (/Users/0xjonaseb11/Documents/PROJECTS/defi-protocol/defi-protocol/packages/nextjs/node_modules/next/dist/compiled/neo-async/async.js:1:14444)
    at done (/Users/0xjonaseb11/Documents/PROJECTS/defi-protocol/defi-protocol/packages/nextjs/node_modules/next/dist/compiled/neo-async/async.js:1:14824)
    at /Users/0xjonaseb11/Documents/PROJECTS/defi-protocol/defi-protocol/packages/nextjs/node_modules/next/dist/compiled/webpack/bundle5.js:29:129512
    at /Users/0xjonaseb11/Documents/PROJECTS/defi-protocol/defi-protocol/packages/nextjs/node_modules/next/dist/compiled/webpack/bundle5.js:29:110363
    at /Users/0xjonaseb11/Documents/PROJECTS/defi-protocol/defi-protocol/packages/nextjs/node_modules/next/dist/compiled/webpack/bundle5.js:29:16155
    at Array.<anonymous> (/Users/0xjonaseb11/Documents/PROJECTS/defi-protocol/defi-protocol/packages/nextjs/node_modules/next/dist/compiled/webpack/bundle5.js:29:551715)
    at /Users/0xjonaseb11/Documents/PROJECTS/defi-protocol/defi-protocol/packages/nextjs/node_modules/next/dist/compiled/webpack/bundle5.js:29:16147
    at eval (eval at create (/Users/0xjonaseb11/Documents/PROJECTS/defi-protocol/defi-protocol/packages/nextjs/node_modules/next/dist/compiled/webpack/bundle5.js:14:9224), <anonymous>:27:1)
    at process.processTicksAndRejections (node:internal/process/task_queues:95:5)
-- inner error --
Error: Cannot apply unknown utility class: premium-gradient
    at onInvalidCandidate (/Users/0xjonaseb11/Documents/PROJECTS/defi-protocol/defi-protocol/packages/nextjs/node_modules/@tailwindcss/node/node_modules/tailwindcss/dist/lib.js:17:347)
    at ie (/Users/0xjonaseb11/Documents/PROJECTS/defi-protocol/defi-protocol/packages/nextjs/node_modules/@tailwindcss/node/node_modules/tailwindcss/dist/lib.js:12:116589)
    at Ve (/Users/0xjonaseb11/Documents/PROJECTS/defi-protocol/defi-protocol/packages/nextjs/node_modules/@tailwindcss/node/node_modules/tailwindcss/dist/lib.js:17:310)
    at qr (/Users/0xjonaseb11/Documents/PROJECTS/defi-protocol/defi-protocol/packages/nextjs/node_modules/@tailwindcss/node/node_modules/tailwindcss/dist/lib.js:33:780)
    at async Hr (/Users/0xjonaseb11/Documents/PROJECTS/defi-protocol/defi-protocol/packages/nextjs/node_modules/@tailwindcss/node/node_modules/tailwindcss/dist/lib.js:33:1071)
    at async ot (/Users/0xjonaseb11/Documents/PROJECTS/defi-protocol/defi-protocol/packages/nextjs/node_modules/@tailwindcss/node/dist/index.js:10:3272)
    at async p (/Users/0xjonaseb11/Documents/PROJECTS/defi-protocol/defi-protocol/packages/nextjs/node_modules/@tailwindcss/postcss/dist/index.js:8:3242)
    at async Object.Once (/Users/0xjonaseb11/Documents/PROJECTS/defi-protocol/defi-protocol/packages/nextjs/node_modules/@tailwindcss/postcss/dist/index.js:8:3443)
    at async LazyResult.runAsync (/Users/0xjonaseb11/Documents/PROJECTS/defi-protocol/defi-protocol/packages/nextjs/node_modules/next/node_modules/postcss/lib/lazy-result.js:261:11)
    at async Span.traceAsyncFn (/Users/0xjonaseb11/Documents/PROJECTS/defi-protocol/defi-protocol/packages/nextjs/node_modules/next/dist/trace/trace.js:157:20)
    at async /Users/0xjonaseb11/Documents/PROJECTS/defi-protocol/defi-protocol/packages/nextjs/node_modules/next/dist/build/webpack/loaders/postcss-loader/src/index.js:55:22
    at async Span.traceAsyncFn (/Users/0xjonaseb11/Documents/PROJECTS/defi-protocol/defi-protocol/packages/nextjs/node_modules/next/dist/trace/trace.js:157:20)
    at Object.<anonymous> (/Users/0xjonaseb11/Documents/PROJECTS/defi-protocol/defi-protocol/packages/nextjs/node_modules/next/dist/build/webpack/loaders/css-loader/src/index.js??ruleSet[1].rules[13].oneOf[10].use[2]!/Users/0xjonaseb11/Documents/PROJECTS/defi-protocol/defi-protocol/packages/nextjs/node_modules/next/dist/build/webpack/loaders/postcss-loader/src/index.js??ruleSet[1].rules[13].oneOf[10].use[3]!/Users/0xjonaseb11/Documents/PROJECTS/defi-protocol/defi-protocol/packages/nextjs/styles/globals.css:1:7)
    at /Users/0xjonaseb11/Documents/PROJECTS/defi-protocol/defi-protocol/packages/nextjs/node_modules/next/dist/compiled/webpack/bundle5.js:29:962742
    at Hook.eval [as call] (eval at create (/Users/0xjonaseb11/Documents/PROJECTS/defi-protocol/defi-protocol/packages/nextjs/node_modules/next/dist/compiled/webpack/bundle5.js:14:9002), <anonymous>:7:1)
    at Hook.CALL_DELEGATE [as _call] (/Users/0xjonaseb11/Documents/PROJECTS/defi-protocol/defi-protocol/packages/nextjs/node_modules/next/dist/compiled/webpack/bundle5.js:14:6272)
    at /Users/0xjonaseb11/Documents/PROJECTS/defi-protocol/defi-protocol/packages/nextjs/node_modules/next/dist/compiled/webpack/bundle5.js:29:131581
    at tryRunOrWebpackError (/Users/0xjonaseb11/Documents/PROJECTS/defi-protocol/defi-protocol/packages/nextjs/node_modules/next/dist/compiled/webpack/bundle5.js:29:316096)
    at __webpack_require_module__ (/Users/0xjonaseb11/Documents/PROJECTS/defi-protocol/defi-protocol/packages/nextjs/node_modules/next/dist/compiled/webpack/bundle5.js:29:131548)
    at __nested_webpack_require_161494__ (/Users/0xjonaseb11/Documents/PROJECTS/defi-protocol/defi-protocol/packages/nextjs/node_modules/next/dist/compiled/webpack/bundle5.js:29:130983)
    at /Users/0xjonaseb11/Documents/PROJECTS/defi-protocol/defi-protocol/packages/nextjs/node_modules/next/dist/compiled/webpack/bundle5.js:29:131840
    at symbolIterator (/Users/0xjonaseb11/Documents/PROJECTS/defi-protocol/defi-protocol/packages/nextjs/node_modules/next/dist/compiled/neo-async/async.js:1:14444)
    at done (/Users/0xjonaseb11/Documents/PROJECTS/defi-protocol/defi-protocol/packages/nextjs/node_modules/next/dist/compiled/neo-async/async.js:1:14824)
    at Hook.eval [as callAsync] (eval at create (/Users/0xjonaseb11/Documents/PROJECTS/defi-protocol/defi-protocol/packages/nextjs/node_modules/next/dist/compiled/webpack/bundle5.js:14:9224), <anonymous>:15:1)
    at Hook.CALL_ASYNC_DELEGATE [as _callAsync] (/Users/0xjonaseb11/Documents/PROJECTS/defi-protocol/defi-protocol/packages/nextjs/node_modules/next/dist/compiled/webpack/bundle5.js:14:6378)
    at /Users/0xjonaseb11/Documents/PROJECTS/defi-protocol/defi-protocol/packages/nextjs/node_modules/next/dist/compiled/webpack/bundle5.js:29:130703
    at symbolIterator (/Users/0xjonaseb11/Documents/PROJECTS/defi-protocol/defi-protocol/packages/nextjs/node_modules/next/dist/compiled/neo-async/async.js:1:14402)
    at timesSync (/Users/0xjonaseb11/Documents/PROJECTS/defi-protocol/defi-protocol/packages/nextjs/node_modules/next/dist/compiled/neo-async/async.js:1:5027)
    at Object.eachLimit (/Users/0xjonaseb11/Documents/PROJECTS/defi-protocol/defi-protocol/packages/nextjs/node_modules/next/dist/compiled/neo-async/async.js:1:14208)
    at /Users/0xjonaseb11/Documents/PROJECTS/defi-protocol/defi-protocol/packages/nextjs/node_modules/next/dist/compiled/webpack/bundle5.js:29:130263
    at symbolIterator (/Users/0xjonaseb11/Documents/PROJECTS/defi-protocol/defi-protocol/packages/nextjs/node_modules/next/dist/compiled/neo-async/async.js:1:14444)
    at timesSync (/Users/0xjonaseb11/Documents/PROJECTS/defi-protocol/defi-protocol/packages/nextjs/node_modules/next/dist/compiled/neo-async/async.js:1:5027)
    at Object.eachLimit (/Users/0xjonaseb11/Documents/PROJECTS/defi-protocol/defi-protocol/packages/nextjs/node_modules/next/dist/compiled/neo-async/async.js:1:14208)
    at /Users/0xjonaseb11/Documents/PROJECTS/defi-protocol/defi-protocol/packages/nextjs/node_modules/next/dist/compiled/webpack/bundle5.js:29:130001
    at symbolIterator (/Users/0xjonaseb11/Documents/PROJECTS/defi-protocol/defi-protocol/packages/nextjs/node_modules/next/dist/compiled/neo-async/async.js:1:14444)
    at done (/Users/0xjonaseb11/Documents/PROJECTS/defi-protocol/defi-protocol/packages/nextjs/node_modules/next/dist/compiled/neo-async/async.js:1:14824)
    at /Users/0xjonaseb11/Documents/PROJECTS/defi-protocol/defi-protocol/packages/nextjs/node_modules/next/dist/compiled/webpack/bundle5.js:29:129512
    at /Users/0xjonaseb11/Documents/PROJECTS/defi-protocol/defi-protocol/packages/nextjs/node_modules/next/dist/compiled/webpack/bundle5.js:29:110363
    at /Users/0xjonaseb11/Documents/PROJECTS/defi-protocol/defi-protocol/packages/nextjs/node_modules/next/dist/compiled/webpack/bundle5.js:29:16155
    at Array.<anonymous> (/Users/0xjonaseb11/Documents/PROJECTS/defi-protocol/defi-protocol/packages/nextjs/node_modules/next/dist/compiled/webpack/bundle5.js:29:551715)
    at /Users/0xjonaseb11/Documents/PROJECTS/defi-protocol/defi-protocol/packages/nextjs/node_modules/next/dist/compiled/webpack/bundle5.js:29:16147
    at eval (eval at create (/Users/0xjonaseb11/Documents/PROJECTS/defi-protocol/defi-protocol/packages/nextjs/node_modules/next/dist/compiled/webpack/bundle5.js:14:9224), <anonymous>:27:1)
    at process.processTicksAndRejections (node:internal/process/task_queues:95:5)

Generated code for /Users/0xjonaseb11/Documents/PROJECTS/defi-protocol/defi-protocol/packages/nextjs/node_modules/next/dist/build/webpack/loaders/css-loader/src/index.js??ruleSet[1].rules[13].oneOf[10].use[2]!/Users/0xjonaseb11/Documents/PROJECTS/defi-protocol/defi-protocol/packages/nextjs/node_modules/next/dist/build/webpack/loaders/postcss-loader/src/index.js??ruleSet[1].rules[13].oneOf[10].use[3]!/Users/0xjonaseb11/Documents/PROJECTS/defi-protocol/defi-protocol/packages/nextjs/styles/globals.css

Import trace for requested module:
./styles/globals.css


> Build failed because of webpack errors
