

  LiquiFi Lending Protocol
    Deposit
      ✔ should deposit WETH and track collateral
      ✔ should revert on zero deposit
    Withdraw
      ✔ should withdraw collateral without debt
      ✔ should revert withdrawal that would breach LTV
    Borrow
      ✔ should borrow within LTV
      ✔ should revert borrow exceeding LTV
      ✔ should track health factor correctly
    Repay
      1) should repay debt fully
    Liquidation
      ✔ should revert liquidation on healthy position
      ✔ should liquidate after price drop makes HF < 1
      ✔ should enforce close factor limit
      ✔ should prevent self-liquidation
    Interest Accrual
      ✔ should accrue interest over time
    InterestRateModel
      ✔ should return higher rate above optimal utilization
      2) should return zero rate with zero borrows
    PriceOracle
      ✔ should set and get prices
      ✔ should revert for unset price
      ✔ should batch set prices
    Admin & Pause
      ✔ should pause and unpause
      ✔ should update LTV


  18 passing (6s)
  2 failing

  1) LiquiFi Lending Protocol
       Repay
         should repay debt fully:

      AssertionError: expected 3158210777332376715499 to equal 115792089237316195423570985008687907853269984665640564039457584007913129639935.
      + expected - actual

      -3158210777332376715499
      +115792089237316195423570985008687907853269984665640564039457584007913129639935
      
      at Context.<anonymous> (test/LendingPool.test.ts:185:21)

  2) LiquiFi Lending Protocol
       InterestRateModel
         should return zero rate with zero borrows:

      AssertionError: expected 633761756 to equal 0.
      + expected - actual

      -633761756
      +0
      
      at Context.<anonymous> (test/LendingPool.test.ts:298:23)



·············································································································
|  [32m[1mSolidity and Network Configuration[22m[39m                                                                       │
························|·················|···············|·················|································
|  [36mSolidity: 0.8.30[39m     ·  [36mOptim: true[39m    ·  [36mRuns: 200[39m    ·  [36mviaIR: false[39m   ·     [36mBlock: 60,000,000 gas[39m     │
························|·················|···············|·················|································
|  [32m[1mMethods[22m[39m                                                                                                  │
························|·················|···············|·················|················|···············
|  [32m[1mContracts / Methods[22m[39m  ·  [1mMin[22m            ·  [1mMax[22m          ·  [1mAvg[22m            ·  [1m# calls[22m       ·  [1musd (avg)[22m   │
························|·················|···············|·················|················|···············
|  [1mLendingPool[22m          ·                                                                                   │
························|·················|···············|·················|················|···············
|      borrow           ·              [90m-[39m  ·            [90m-[39m  ·        256,901  ·             9  ·           [32m[90m-[39m[32m[39m  │
························|·················|···············|·················|················|···············
|      deposit          ·              [90m-[39m  ·            [90m-[39m  ·        121,289  ·            13  ·           [32m[90m-[39m[32m[39m  │
························|·················|···············|·················|················|···············
|      liquidate        ·              [90m-[39m  ·            [90m-[39m  ·        179,330  ·             2  ·           [32m[90m-[39m[32m[39m  │
························|·················|···············|·················|················|···············
|      pause            ·              [90m-[39m  ·            [90m-[39m  ·         51,858  ·             1  ·           [32m[90m-[39m[32m[39m  │
························|·················|···············|·················|················|···············
|      repay            ·        [36m102,969[39m  ·      [31m102,981[39m  ·        102,975  ·             2  ·           [32m[90m-[39m[32m[39m  │
························|·················|···············|·················|················|···············
|      seedLiquidity    ·              [90m-[39m  ·            [90m-[39m  ·         65,634  ·            20  ·           [32m[90m-[39m[32m[39m  │
························|·················|···············|·················|················|···············
|      setLTV           ·              [90m-[39m  ·            [90m-[39m  ·         35,144  ·             1  ·           [32m[90m-[39m[32m[39m  │
························|·················|···············|·················|················|···············
|      unpause          ·              [90m-[39m  ·            [90m-[39m  ·         29,873  ·             1  ·           [32m[90m-[39m[32m[39m  │
························|·················|···············|·················|················|···············
|      withdraw         ·              [90m-[39m  ·            [90m-[39m  ·         71,517  ·             1  ·           [32m[90m-[39m[32m[39m  │
························|·················|···············|·················|················|···············
|  [1mMockUSDC[22m             ·                                                                                   │
························|·················|···············|·················|················|···············
|      approve          ·         [36m46,335[39m  ·       [31m46,359[39m  ·         46,354  ·            26  ·           [32m[90m-[39m[32m[39m  │
························|·················|···············|·················|················|···············
|      mint             ·         [36m34,296[39m  ·       [31m68,520[39m  ·         58,168  ·            43  ·           [32m[90m-[39m[32m[39m  │
························|·················|···············|·················|················|···············
|  [1mMockWETH[22m             ·                                                                                   │
························|·················|···············|·················|················|···············
|      approve          ·         [36m46,359[39m  ·       [31m46,371[39m  ·         46,370  ·            13  ·           [32m[90m-[39m[32m[39m  │
························|·················|···············|·················|················|···············
|      mint             ·              [90m-[39m  ·            [90m-[39m  ·         68,544  ·            20  ·           [32m[90m-[39m[32m[39m  │
························|·················|···············|·················|················|···············
|  [1mPriceOracle[22m          ·                                                                                   │
························|·················|···············|·················|················|···············
|      setPrice         ·         [36m40,968[39m  ·       [31m75,168[39m  ·         72,775  ·            43  ·           [32m[90m-[39m[32m[39m  │
························|·················|···············|·················|················|···············
|      setPrices        ·              [90m-[39m  ·            [90m-[39m  ·         53,964  ·             1  ·           [32m[90m-[39m[32m[39m  │
························|·················|···············|·················|················|···············
|  [32m[1mDeployments[22m[39m                            ·                                 ·  [1m% of limit[22m    ·              │
························|·················|···············|·················|················|···············
|  [1mERC1967Proxy[22m         ·        [36m180,733[39m  ·      [31m409,009[39m  ·        294,315  ·         0.5 %  ·           [32m[90m-[39m[32m[39m  │
························|·················|···············|·················|················|···············
|  [1mInterestRateModel[22m    ·              [90m-[39m  ·            [90m-[39m  ·        927,852  ·         1.5 %  ·           [32m[90m-[39m[32m[39m  │
························|·················|···············|·················|················|···············
|  [1mLendingPool[22m          ·              [90m-[39m  ·            [90m-[39m  ·      2,461,871  ·         4.1 %  ·           [32m[90m-[39m[32m[39m  │
························|·················|···············|·················|················|···············
|  [1mMockUSDC[22m             ·              [90m-[39m  ·            [90m-[39m  ·        614,601  ·           1 %  ·           [32m[90m-[39m[32m[39m  │
························|·················|···············|·················|················|···············
|  [1mMockWETH[22m             ·              [90m-[39m  ·            [90m-[39m  ·        614,693  ·           1 %  ·           [32m[90m-[39m[32m[39m  │
························|·················|···············|·················|················|···············
|  [1mPriceOracle[22m          ·              [90m-[39m  ·            [90m-[39m  ·        958,123  ·         1.6 %  ·           [32m[90m-[39m[32m[39m  │
························|·················|···············|·················|················|···············
|  [32m[1mKey[22m[39m                                                                                                      │
·············································································································
|  [35m[1m◯[22m[39m  Execution gas for this method does not include intrinsic gas overhead                                 │
·············································································································
|  [35m[1m△[22m[39m  Cost was non-zero but below the precision setting for the currency display (see options)              │
·············································································································
|  [35mToolchain:[39m  hardhat                                                                                      │
·············································································································
